.next/types/validator.ts(98,39): error TS2307: Cannot find module '../../src/app/admin/properties/page.js' or its corresponding type declarations.
